NAME          Community Design
ROWS
 N  COST
 G ROW1
 G ROW2
 L ROW3
 E ROW4
 E ROW5
COLUMNS
 rxn0 COST 0
 rxn0 ROW2 -1
 rxn0 ROW3 -1
 rxn0 ROW4 1
 rxn0flag COST 0
 rxn0flag ROW1 -1
 rxn0flag ROW2 1
 s/speciesA COST 1
 s/speciesA ROW1 1
RHS
 RHS1 ROW1 0
 RHS1 ROW2 0
 RHS1 ROW3 0
 RHS1 ROW4 0
 RHS1 ROW5 1
BOUNDS
 LI BOUND rxn0 0
 UI BOUND rxn0 1
 BV BOUND rxn0flag 1
 BV BOUND s/speciesA 1
ENDATA
