NAME          Community Design
ROWS
 N  COST
 G ROW1
 G ROW2
 G ROW3
 G ROW4
 L ROW5
 E ROW6
 G ROW7
 E ROW8
 G ROW9
 E ROW10
 G ROW11
COLUMNS
 0TOrxn0 COST 0
 0TOrxn0 ROW5 -1
 0TOrxn0 ROW8 1
 0TOrxn0 ROW9 1
 0TOrxn1 COST 0
 0TOrxn1 ROW5 -1
 0TOrxn1 ROW10 1
 0TOrxn1 ROW11 1
 rxn0 COST 0
 rxn0 ROW1 -1
 rxn0 ROW2 10005
 rxn0 ROW9 -1
 rxn0TO0 COST 0
 rxn0TO0 ROW2 -1
 rxn0TO0 ROW6 1
 rxn0TO0 ROW8 -1
 rxn1 COST 0
 rxn1 ROW3 -1
 rxn1 ROW4 10005
 rxn1 ROW11 -1
 rxn1TO0 COST 0
 rxn1TO0 ROW4 -1
 rxn1TO0 ROW7 1
 rxn1TO0 ROW10 -1
 s/speciesA COST 1
 s/speciesA ROW1 1
 s/speciesA ROW3 1
RHS
 RHS1 ROW1 0
 RHS1 ROW2 0
 RHS1 ROW3 0
 RHS1 ROW4 0
 RHS1 ROW5 0
 RHS1 ROW6 0
 RHS1 ROW7 1
 RHS1 ROW8 0
 RHS1 ROW9 0
 RHS1 ROW10 0
 RHS1 ROW11 0
BOUNDS
 LI BOUND 0TOrxn0 0
 LI BOUND 0TOrxn1 0
 BV BOUND rxn0 1
 LI BOUND rxn0TO0 0
 BV BOUND rxn1 1
 LI BOUND rxn1TO0 0
 BV BOUND s/speciesA 1
ENDATA
