NAME          Community Design
ROWS
 N  COST
 G ROW1
 G ROW2
 G ROW3
 L ROW4
 E ROW5
 G ROW6
 E ROW7
 E ROW8
 E ROW9
 E ROW10
COLUMNS
 0TOrxn0TO0vtx COST 0
 0TOrxn0TO0vtx ROW4 -1
 0TOrxn0TO0vtx ROW7 1
 0TOrxn0TO1vtx COST 0
 0TOrxn0TO1vtx ROW4 -1
 0TOrxn0TO1vtx ROW9 1
 1TOrxn0TO0vtx COST 0
 1TOrxn0TO0vtx ROW5 -1
 1TOrxn0TO0vtx ROW8 1
 1TOrxn0TO1vtx COST 0
 1TOrxn0TO1vtx ROW5 -1
 1TOrxn0TO1vtx ROW10 1
 rxn0 COST 0
 rxn0 ROW1 -1
 rxn0 ROW2 100
 rxn0 ROW3 100
 rxn0TO0 COST 0
 rxn0TO0 ROW2 -1
 rxn0TO0 ROW5 1
 rxn0TO0 ROW7 -1
 rxn0TO0 ROW8 -1
 rxn0TO1 COST 0
 rxn0TO1 ROW3 -1
 rxn0TO1 ROW6 1
 rxn0TO1 ROW9 -1
 rxn0TO1 ROW10 -1
 s/speciesA COST 1
 s/speciesA ROW1 1
RHS
 RHS1 ROW1 0
 RHS1 ROW2 0
 RHS1 ROW3 0
 RHS1 ROW4 0
 RHS1 ROW5 0
 RHS1 ROW6 1
 RHS1 ROW7 0
 RHS1 ROW8 0
 RHS1 ROW9 0
 RHS1 ROW10 0
BOUNDS
 LI BOUND 0TOrxn0TO0vtx 0
 UI BOUND 0TOrxn0TO0vtx 100
 LI BOUND 0TOrxn0TO1vtx 0
 UI BOUND 0TOrxn0TO1vtx 100
 LI BOUND 1TOrxn0TO0vtx 0
 UI BOUND 1TOrxn0TO0vtx 100
 LI BOUND 1TOrxn0TO1vtx 0
 UI BOUND 1TOrxn0TO1vtx 100
 BV BOUND rxn0 1
 LI BOUND rxn0TO0 0
 UI BOUND rxn0TO0 100
 LI BOUND rxn0TO1 0
 UI BOUND rxn0TO1 100
 BV BOUND s/speciesA 1
ENDATA
