NAME          Community Design
ROWS
 N  COST
 G ROW1
 G ROW2
 G ROW3
 L ROW4
 G ROW5
 G ROW6
 E ROW7
 G ROW8
COLUMNS
 0TOrxn0 COST 0
 0TOrxn0 ROW4 -1
 0TOrxn0 ROW7 1
 0TOrxn0 ROW8 1
 rxn0 COST 0
 rxn0 ROW1 -1
 rxn0 ROW2 10005
 rxn0 ROW3 10005
 rxn0 ROW8 -1
 rxn0TO0 COST 0
 rxn0TO0 ROW2 -1
 rxn0TO0 ROW5 1
 rxn0TO0 ROW7 -1
 rxn0TO1 COST 0
 rxn0TO1 ROW3 -1
 rxn0TO1 ROW6 1
 rxn0TO1 ROW7 -1
 s/speciesA COST 1
 s/speciesA ROW1 1
RHS
 RHS1 ROW1 0
 RHS1 ROW2 0
 RHS1 ROW3 0
 RHS1 ROW4 0
 RHS1 ROW5 1
 RHS1 ROW6 1
 RHS1 ROW7 0
 RHS1 ROW8 0
BOUNDS
 LI BOUND 0TOrxn0 0
 BV BOUND rxn0 1
 LI BOUND rxn0TO0 0
 LI BOUND rxn0TO1 0
 BV BOUND s/speciesA 1
ENDATA
