NAME          Community Design
ROWS
 N  COST
 G ROW1
 G ROW2
 L ROW3
 G ROW4
 L ROW5
 E ROW6
COLUMNS
 0TOrxn0TO0vtx COST 0
 0TOrxn0TO0vtx ROW3 -1
 0TOrxn0TO0vtx ROW6 1
 rxn0 COST 0
 rxn0 ROW1 -1
 rxn0 ROW2 100
 rxn0TO0 COST 0
 rxn0TO0 ROW2 -1
 rxn0TO0 ROW4 1
 rxn0TO0 ROW6 -1
 s/speciesA COST 1
 s/speciesA ROW1 1
RHS
 RHS1 ROW1 0
 RHS1 ROW2 0
 RHS1 ROW3 0
 RHS1 ROW4 1
 RHS1 ROW5 -1
 RHS1 ROW6 0
BOUNDS
 LI BOUND 0TOrxn0TO0vtx 0
 UI BOUND 0TOrxn0TO0vtx 100
 BV BOUND rxn0 1
 LI BOUND rxn0TO0 0
 UI BOUND rxn0TO0 100
 BV BOUND s/speciesA 1
ENDATA
