NAME          Community Design
ROWS
 N  COST
 G ROW1
 G ROW2
 G ROW3
 G ROW4
 G ROW5
 G ROW6
 G ROW7
 G ROW8
 L ROW9
 E ROW10
 G ROW11
 E ROW12
 E ROW13
 E ROW14
 G ROW15
 E ROW16
 G ROW17
 E ROW18
 G ROW19
 E ROW20
 G ROW21
COLUMNS
 0TOrxn0 COST 0
 0TOrxn0 ROW9 -1
 0TOrxn0 ROW14 1
 0TOrxn0 ROW15 1
 0TOrxn1 COST 0
 0TOrxn1 ROW10 -1
 0TOrxn1 ROW16 1
 0TOrxn1 ROW17 1
 0TOrxn2 COST 0
 0TOrxn2 ROW12 -1
 0TOrxn2 ROW20 1
 0TOrxn2 ROW21 1
 0TOrxn3 COST 0
 0TOrxn3 ROW11 -1
 0TOrxn3 ROW18 1
 0TOrxn3 ROW19 1
 rxn0 COST 0
 rxn0 ROW1 -1
 rxn0 ROW2 10005
 rxn0 ROW15 -1
 rxn0TO0 COST 0
 rxn0TO0 ROW2 -1
 rxn0TO0 ROW11 1
 rxn0TO0 ROW14 -1
 rxn1 COST 0
 rxn1 ROW3 -1
 rxn1 ROW4 10005
 rxn1 ROW17 -1
 rxn1TO0 COST 0
 rxn1TO0 ROW4 -1
 rxn1TO0 ROW12 1
 rxn1TO0 ROW16 -1
 rxn2 COST 0
 rxn2 ROW7 -1
 rxn2 ROW8 10005
 rxn2 ROW21 -1
 rxn2TO0 COST 0
 rxn2TO0 ROW8 -1
 rxn2TO0 ROW13 1
 rxn2TO0 ROW20 -1
 rxn3 COST 0
 rxn3 ROW5 -1
 rxn3 ROW6 10005
 rxn3 ROW19 -1
 rxn3TO0 COST 0
 rxn3TO0 ROW6 -1
 rxn3TO0 ROW13 1
 rxn3TO0 ROW18 -1
 s/speciesA COST 1
 s/speciesA ROW1 1
 s/speciesB COST 1
 s/speciesB ROW3 1
 s/speciesB ROW7 1
 s/speciesC COST 1
 s/speciesC ROW5 1
RHS
 RHS1 ROW1 0
 RHS1 ROW2 0
 RHS1 ROW3 0
 RHS1 ROW4 0
 RHS1 ROW5 0
 RHS1 ROW6 0
 RHS1 ROW7 0
 RHS1 ROW8 0
 RHS1 ROW9 0
 RHS1 ROW10 0
 RHS1 ROW11 1
 RHS1 ROW12 0
 RHS1 ROW13 0
 RHS1 ROW14 0
 RHS1 ROW15 0
 RHS1 ROW16 0
 RHS1 ROW17 0
 RHS1 ROW18 0
 RHS1 ROW19 0
 RHS1 ROW20 0
 RHS1 ROW21 0
BOUNDS
 LI BOUND 0TOrxn0 0
 LI BOUND 0TOrxn1 0
 LI BOUND 0TOrxn2 0
 LI BOUND 0TOrxn3 0
 BV BOUND rxn0 1
 LI BOUND rxn0TO0 0
 BV BOUND rxn1 1
 LI BOUND rxn1TO0 0
 BV BOUND rxn2 1
 LI BOUND rxn2TO0 0
 BV BOUND rxn3 1
 LI BOUND rxn3TO0 0
 BV BOUND s/speciesA 1
 BV BOUND s/speciesB 1
 BV BOUND s/speciesC 1
ENDATA
