NAME          Community Design
ROWS
 N  COST
 G ROW1
 G ROW2
 G ROW3
 G ROW4
 G ROW5
 G ROW6
 L ROW7
 L ROW8
 E ROW9
 E ROW10
 G ROW11
 G ROW12
 E ROW13
 G ROW14
 G ROW15
 E ROW16
 G ROW17
 G ROW18
COLUMNS
 0TOrxn0 COST 0
 0TOrxn0 ROW7 -1
 0TOrxn0 ROW13 1
 0TOrxn0 ROW14 1
 0TOrxn1 COST 0
 0TOrxn1 ROW9 -1
 0TOrxn1 ROW16 1
 0TOrxn1 ROW17 1
 1TOrxn0 COST 0
 1TOrxn0 ROW8 -1
 1TOrxn0 ROW13 1
 1TOrxn0 ROW15 1
 1TOrxn1 COST 0
 1TOrxn1 ROW10 -1
 1TOrxn1 ROW16 1
 1TOrxn1 ROW18 1
 rxn0 COST 0
 rxn0 ROW1 -1
 rxn0 ROW2 10005
 rxn0 ROW3 10005
 rxn0 ROW14 -1
 rxn0 ROW15 -1
 rxn0TO0 COST 0
 rxn0TO0 ROW2 -1
 rxn0TO0 ROW9 1
 rxn0TO0 ROW13 -1
 rxn0TO1 COST 0
 rxn0TO1 ROW3 -1
 rxn0TO1 ROW10 1
 rxn0TO1 ROW13 -1
 rxn1 COST 0
 rxn1 ROW4 -1
 rxn1 ROW5 10005
 rxn1 ROW6 10005
 rxn1 ROW17 -1
 rxn1 ROW18 -1
 rxn1TO0 COST 0
 rxn1TO0 ROW5 -1
 rxn1TO0 ROW11 1
 rxn1TO0 ROW16 -1
 rxn1TO1 COST 0
 rxn1TO1 ROW6 -1
 rxn1TO1 ROW12 1
 rxn1TO1 ROW16 -1
 s/speciesA COST 1
 s/speciesA ROW1 1
 s/speciesA ROW4 1
RHS
 RHS1 ROW1 0
 RHS1 ROW2 0
 RHS1 ROW3 0
 RHS1 ROW4 0
 RHS1 ROW5 0
 RHS1 ROW6 0
 RHS1 ROW7 0
 RHS1 ROW8 0
 RHS1 ROW9 0
 RHS1 ROW10 0
 RHS1 ROW11 1
 RHS1 ROW12 1
 RHS1 ROW13 0
 RHS1 ROW14 0
 RHS1 ROW15 0
 RHS1 ROW16 0
 RHS1 ROW17 0
 RHS1 ROW18 0
BOUNDS
 LI BOUND 0TOrxn0 0
 LI BOUND 0TOrxn1 0
 LI BOUND 1TOrxn0 0
 LI BOUND 1TOrxn1 0
 BV BOUND rxn0 1
 LI BOUND rxn0TO0 0
 LI BOUND rxn0TO1 0
 BV BOUND rxn1 1
 LI BOUND rxn1TO0 0
 LI BOUND rxn1TO1 0
 BV BOUND s/speciesA 1
ENDATA
