NAME          Community Design
ROWS
 N  COST
 G ROW1
 G ROW2
 G ROW3
 G ROW4
 G ROW5
 G ROW6
 G ROW7
 G ROW8
 G ROW9
 G ROW10
 G ROW11
 G ROW12
 G ROW13
 G ROW14
 G ROW15
 L ROW16
 L ROW17
 E ROW18
 E ROW19
 G ROW20
 G ROW21
 E ROW22
 E ROW23
 E ROW24
 E ROW25
 E ROW26
 G ROW27
 G ROW28
 E ROW29
 G ROW30
 G ROW31
 E ROW32
 G ROW33
 G ROW34
 E ROW35
 G ROW36
 G ROW37
 E ROW38
 G ROW39
 G ROW40
COLUMNS
 0TOrxn0 COST 0
 0TOrxn0 ROW16 -1
 0TOrxn0 ROW26 1
 0TOrxn0 ROW27 1
 0TOrxn1 COST 0
 0TOrxn1 ROW18 -1
 0TOrxn1 ROW32 1
 0TOrxn1 ROW33 1
 0TOrxn2 COST 0
 0TOrxn2 ROW16 -1
 0TOrxn2 ROW29 1
 0TOrxn2 ROW30 1
 0TOrxn3 COST 0
 0TOrxn3 ROW22 -1
 0TOrxn3 ROW35 1
 0TOrxn3 ROW36 1
 0TOrxn4 COST 0
 0TOrxn4 ROW24 -1
 0TOrxn4 ROW38 1
 0TOrxn4 ROW39 1
 1TOrxn0 COST 0
 1TOrxn0 ROW17 -1
 1TOrxn0 ROW26 1
 1TOrxn0 ROW28 1
 1TOrxn1 COST 0
 1TOrxn1 ROW19 -1
 1TOrxn1 ROW32 1
 1TOrxn1 ROW34 1
 1TOrxn2 COST 0
 1TOrxn2 ROW17 -1
 1TOrxn2 ROW29 1
 1TOrxn2 ROW31 1
 1TOrxn3 COST 0
 1TOrxn3 ROW23 -1
 1TOrxn3 ROW35 1
 1TOrxn3 ROW37 1
 1TOrxn4 COST 0
 1TOrxn4 ROW25 -1
 1TOrxn4 ROW38 1
 1TOrxn4 ROW40 1
 rxn0 COST 0
 rxn0 ROW1 -1
 rxn0 ROW2 10005
 rxn0 ROW3 10005
 rxn0 ROW27 -1
 rxn0 ROW28 -1
 rxn0TO0 COST 0
 rxn0TO0 ROW2 -1
 rxn0TO0 ROW18 1
 rxn0TO0 ROW26 -1
 rxn0TO1 COST 0
 rxn0TO1 ROW3 -1
 rxn0TO1 ROW19 1
 rxn0TO1 ROW26 -1
 rxn1 COST 0
 rxn1 ROW7 -1
 rxn1 ROW8 10005
 rxn1 ROW9 10005
 rxn1 ROW33 -1
 rxn1 ROW34 -1
 rxn1TO0 COST 0
 rxn1TO0 ROW8 -1
 rxn1TO0 ROW20 1
 rxn1TO0 ROW32 -1
 rxn1TO1 COST 0
 rxn1TO1 ROW9 -1
 rxn1TO1 ROW21 1
 rxn1TO1 ROW32 -1
 rxn2 COST 0
 rxn2 ROW4 -1
 rxn2 ROW5 10005
 rxn2 ROW6 10005
 rxn2 ROW30 -1
 rxn2 ROW31 -1
 rxn2TO0 COST 0
 rxn2TO0 ROW5 -1
 rxn2TO0 ROW22 1
 rxn2TO0 ROW29 -1
 rxn2TO1 COST 0
 rxn2TO1 ROW6 -1
 rxn2TO1 ROW23 1
 rxn2TO1 ROW29 -1
 rxn3 COST 0
 rxn3 ROW10 -1
 rxn3 ROW11 10005
 rxn3 ROW12 10005
 rxn3 ROW36 -1
 rxn3 ROW37 -1
 rxn3TO0 COST 0
 rxn3TO0 ROW11 -1
 rxn3TO0 ROW24 1
 rxn3TO0 ROW35 -1
 rxn3TO1 COST 0
 rxn3TO1 ROW12 -1
 rxn3TO1 ROW25 1
 rxn3TO1 ROW35 -1
 rxn4 COST 0
 rxn4 ROW13 -1
 rxn4 ROW14 10005
 rxn4 ROW15 10005
 rxn4 ROW39 -1
 rxn4 ROW40 -1
 rxn4TO0 COST 0
 rxn4TO0 ROW14 -1
 rxn4TO0 ROW20 1
 rxn4TO0 ROW38 -1
 rxn4TO1 COST 0
 rxn4TO1 ROW15 -1
 rxn4TO1 ROW21 1
 rxn4TO1 ROW38 -1
 s/speciesA COST 1
 s/speciesA ROW1 1
 s/speciesB COST 1
 s/speciesB ROW4 1
 s/speciesB ROW7 1
 s/speciesB ROW10 1
 s/speciesB ROW13 1
RHS
 RHS1 ROW1 0
 RHS1 ROW2 0
 RHS1 ROW3 0
 RHS1 ROW4 0
 RHS1 ROW5 0
 RHS1 ROW6 0
 RHS1 ROW7 0
 RHS1 ROW8 0
 RHS1 ROW9 0
 RHS1 ROW10 0
 RHS1 ROW11 0
 RHS1 ROW12 0
 RHS1 ROW13 0
 RHS1 ROW14 0
 RHS1 ROW15 0
 RHS1 ROW16 0
 RHS1 ROW17 0
 RHS1 ROW18 0
 RHS1 ROW19 0
 RHS1 ROW20 1
 RHS1 ROW21 1
 RHS1 ROW22 0
 RHS1 ROW23 0
 RHS1 ROW24 0
 RHS1 ROW25 0
 RHS1 ROW26 0
 RHS1 ROW27 0
 RHS1 ROW28 0
 RHS1 ROW29 0
 RHS1 ROW30 0
 RHS1 ROW31 0
 RHS1 ROW32 0
 RHS1 ROW33 0
 RHS1 ROW34 0
 RHS1 ROW35 0
 RHS1 ROW36 0
 RHS1 ROW37 0
 RHS1 ROW38 0
 RHS1 ROW39 0
 RHS1 ROW40 0
BOUNDS
 LI BOUND 0TOrxn0 0
 LI BOUND 0TOrxn1 0
 LI BOUND 0TOrxn2 0
 LI BOUND 0TOrxn3 0
 LI BOUND 0TOrxn4 0
 LI BOUND 1TOrxn0 0
 LI BOUND 1TOrxn1 0
 LI BOUND 1TOrxn2 0
 LI BOUND 1TOrxn3 0
 LI BOUND 1TOrxn4 0
 BV BOUND rxn0 1
 LI BOUND rxn0TO0 0
 LI BOUND rxn0TO1 0
 BV BOUND rxn1 1
 LI BOUND rxn1TO0 0
 LI BOUND rxn1TO1 0
 BV BOUND rxn2 1
 LI BOUND rxn2TO0 0
 LI BOUND rxn2TO1 0
 BV BOUND rxn3 1
 LI BOUND rxn3TO0 0
 LI BOUND rxn3TO1 0
 BV BOUND rxn4 1
 LI BOUND rxn4TO0 0
 LI BOUND rxn4TO1 0
 BV BOUND s/speciesA 1
 BV BOUND s/speciesB 1
ENDATA
