NAME          Community Design
ROWS
 N  COST
 G ROW1
 G ROW2
 G ROW3
 G ROW4
 G ROW5
 G ROW6
 G ROW7
 G ROW8
 G ROW9
 L ROW10
 L ROW11
 G ROW12
 E ROW13
 E ROW14
 E ROW15
 E ROW16
 E ROW17
 E ROW18
 E ROW19
 E ROW20
 E ROW21
 E ROW22
 E ROW23
 E ROW24
 E ROW25
 E ROW26
 E ROW27
 E ROW28
 E ROW29
COLUMNS
 0TOrxn0TO0vtx COST 0
 0TOrxn0TO0vtx ROW10 -1
 0TOrxn0TO0vtx ROW18 1
 0TOrxn0TO1vtx COST 0
 0TOrxn0TO1vtx ROW10 -1
 0TOrxn0TO1vtx ROW20 1
 0TOrxn1TO0vtx COST 0
 0TOrxn1TO0vtx ROW12 -1
 0TOrxn1TO0vtx ROW22 1
 0TOrxn1TO1vtx COST 0
 0TOrxn1TO1vtx ROW12 -1
 0TOrxn1TO1vtx ROW24 1
 0TOrxn2TO0vtx COST 0
 0TOrxn2TO0vtx ROW12 -1
 0TOrxn2TO0vtx ROW26 1
 0TOrxn2TO1vtx COST 0
 0TOrxn2TO1vtx ROW12 -1
 0TOrxn2TO1vtx ROW28 1
 1TOrxn0TO0vtx COST 0
 1TOrxn0TO0vtx ROW11 -1
 1TOrxn0TO0vtx ROW19 1
 1TOrxn0TO1vtx COST 0
 1TOrxn0TO1vtx ROW11 -1
 1TOrxn0TO1vtx ROW21 1
 1TOrxn1TO0vtx COST 0
 1TOrxn1TO0vtx ROW13 -1
 1TOrxn1TO0vtx ROW23 1
 1TOrxn1TO1vtx COST 0
 1TOrxn1TO1vtx ROW13 -1
 1TOrxn1TO1vtx ROW25 1
 1TOrxn2TO0vtx COST 0
 1TOrxn2TO0vtx ROW13 -1
 1TOrxn2TO0vtx ROW27 1
 1TOrxn2TO1vtx COST 0
 1TOrxn2TO1vtx ROW13 -1
 1TOrxn2TO1vtx ROW29 1
 rxn0 COST 0
 rxn0 ROW1 -1
 rxn0 ROW2 100
 rxn0 ROW3 100
 rxn0TO0 COST 0
 rxn0TO0 ROW2 -1
 rxn0TO0 ROW12 1
 rxn0TO0 ROW18 -1
 rxn0TO0 ROW19 -1
 rxn0TO1 COST 0
 rxn0TO1 ROW3 -1
 rxn0TO1 ROW13 1
 rxn0TO1 ROW20 -1
 rxn0TO1 ROW21 -1
 rxn1 COST 0
 rxn1 ROW4 -1
 rxn1 ROW5 100
 rxn1 ROW6 100
 rxn1TO0 COST 0
 rxn1TO0 ROW5 -1
 rxn1TO0 ROW14 1
 rxn1TO0 ROW22 -1
 rxn1TO0 ROW23 -1
 rxn1TO1 COST 0
 rxn1TO1 ROW6 -1
 rxn1TO1 ROW15 1
 rxn1TO1 ROW24 -1
 rxn1TO1 ROW25 -1
 rxn2 COST 0
 rxn2 ROW7 -1
 rxn2 ROW8 100
 rxn2 ROW9 100
 rxn2TO0 COST 0
 rxn2TO0 ROW8 -1
 rxn2TO0 ROW16 1
 rxn2TO0 ROW26 -1
 rxn2TO0 ROW27 -1
 rxn2TO1 COST 0
 rxn2TO1 ROW9 -1
 rxn2TO1 ROW17 1
 rxn2TO1 ROW28 -1
 rxn2TO1 ROW29 -1
 s/speciesA COST 1
 s/speciesA ROW1 1
 s/speciesA ROW4 1
 s/speciesA ROW7 1
RHS
 RHS1 ROW1 0
 RHS1 ROW2 0
 RHS1 ROW3 0
 RHS1 ROW4 0
 RHS1 ROW5 0
 RHS1 ROW6 0
 RHS1 ROW7 0
 RHS1 ROW8 0
 RHS1 ROW9 0
 RHS1 ROW10 0
 RHS1 ROW11 0
 RHS1 ROW12 1
 RHS1 ROW13 0
 RHS1 ROW14 0
 RHS1 ROW15 0
 RHS1 ROW16 0
 RHS1 ROW17 0
 RHS1 ROW18 0
 RHS1 ROW19 0
 RHS1 ROW20 0
 RHS1 ROW21 0
 RHS1 ROW22 0
 RHS1 ROW23 0
 RHS1 ROW24 0
 RHS1 ROW25 0
 RHS1 ROW26 0
 RHS1 ROW27 0
 RHS1 ROW28 0
 RHS1 ROW29 0
BOUNDS
 LI BOUND 0TOrxn0TO0vtx 0
 UI BOUND 0TOrxn0TO0vtx 100
 LI BOUND 0TOrxn0TO1vtx 0
 UI BOUND 0TOrxn0TO1vtx 100
 LI BOUND 0TOrxn1TO0vtx 0
 UI BOUND 0TOrxn1TO0vtx 100
 LI BOUND 0TOrxn1TO1vtx 0
 UI BOUND 0TOrxn1TO1vtx 100
 LI BOUND 0TOrxn2TO0vtx 0
 UI BOUND 0TOrxn2TO0vtx 100
 LI BOUND 0TOrxn2TO1vtx 0
 UI BOUND 0TOrxn2TO1vtx 100
 LI BOUND 1TOrxn0TO0vtx 0
 UI BOUND 1TOrxn0TO0vtx 100
 LI BOUND 1TOrxn0TO1vtx 0
 UI BOUND 1TOrxn0TO1vtx 100
 LI BOUND 1TOrxn1TO0vtx 0
 UI BOUND 1TOrxn1TO0vtx 100
 LI BOUND 1TOrxn1TO1vtx 0
 UI BOUND 1TOrxn1TO1vtx 100
 LI BOUND 1TOrxn2TO0vtx 0
 UI BOUND 1TOrxn2TO0vtx 100
 LI BOUND 1TOrxn2TO1vtx 0
 UI BOUND 1TOrxn2TO1vtx 100
 BV BOUND rxn0 1
 LI BOUND rxn0TO0 0
 UI BOUND rxn0TO0 100
 LI BOUND rxn0TO1 0
 UI BOUND rxn0TO1 100
 BV BOUND rxn1 1
 LI BOUND rxn1TO0 0
 UI BOUND rxn1TO0 100
 LI BOUND rxn1TO1 0
 UI BOUND rxn1TO1 100
 BV BOUND rxn2 1
 LI BOUND rxn2TO0 0
 UI BOUND rxn2TO0 100
 LI BOUND rxn2TO1 0
 UI BOUND rxn2TO1 100
 BV BOUND s/speciesA 1
ENDATA
