NAME          Community Design
ROWS
 N  COST
 G ROW1
 G ROW2
 G ROW3
 G ROW4
 G ROW5
 G ROW6
 G ROW7
 G ROW8
 G ROW9
 G ROW10
 G ROW11
 G ROW12
 G ROW13
 G ROW14
 G ROW15
 G ROW16
 G ROW17
 G ROW18
 G ROW19
 G ROW20
 G ROW21
 L ROW22
 L ROW23
 E ROW24
 E ROW25
 E ROW26
 E ROW27
 G ROW28
 G ROW29
 E ROW30
 E ROW31
 E ROW32
 E ROW33
 E ROW34
 E ROW35
 E ROW36
 E ROW37
 E ROW38
 E ROW39
 E ROW40
 E ROW41
 E ROW42
 E ROW43
 E ROW44
 E ROW45
 E ROW46
 E ROW47
 E ROW48
 E ROW49
 E ROW50
 E ROW51
 E ROW52
 E ROW53
 E ROW54
 E ROW55
 E ROW56
 E ROW57
 E ROW58
 E ROW59
 E ROW60
 E ROW61
 E ROW62
 E ROW63
COLUMNS
 0TOrxn0TO0vtx COST 0
 0TOrxn0TO0vtx ROW22 -1
 0TOrxn0TO0vtx ROW36 1
 0TOrxn0TO1vtx COST 0
 0TOrxn0TO1vtx ROW22 -1
 0TOrxn0TO1vtx ROW38 1
 0TOrxn1TO0vtx COST 0
 0TOrxn1TO0vtx ROW24 -1
 0TOrxn1TO0vtx ROW44 1
 0TOrxn1TO1vtx COST 0
 0TOrxn1TO1vtx ROW24 -1
 0TOrxn1TO1vtx ROW46 1
 0TOrxn2TO0vtx COST 0
 0TOrxn2TO0vtx ROW26 -1
 0TOrxn2TO0vtx ROW48 1
 0TOrxn2TO1vtx COST 0
 0TOrxn2TO1vtx ROW26 -1
 0TOrxn2TO1vtx ROW50 1
 0TOrxn3TO0vtx COST 0
 0TOrxn3TO0vtx ROW22 -1
 0TOrxn3TO0vtx ROW40 1
 0TOrxn3TO1vtx COST 0
 0TOrxn3TO1vtx ROW22 -1
 0TOrxn3TO1vtx ROW42 1
 0TOrxn4TO0vtx COST 0
 0TOrxn4TO0vtx ROW30 -1
 0TOrxn4TO0vtx ROW52 1
 0TOrxn4TO1vtx COST 0
 0TOrxn4TO1vtx ROW30 -1
 0TOrxn4TO1vtx ROW54 1
 0TOrxn5TO0vtx COST 0
 0TOrxn5TO0vtx ROW32 -1
 0TOrxn5TO0vtx ROW56 1
 0TOrxn5TO1vtx COST 0
 0TOrxn5TO1vtx ROW32 -1
 0TOrxn5TO1vtx ROW58 1
 0TOrxn6TO0vtx COST 0
 0TOrxn6TO0vtx ROW34 -1
 0TOrxn6TO0vtx ROW60 1
 0TOrxn6TO1vtx COST 0
 0TOrxn6TO1vtx ROW34 -1
 0TOrxn6TO1vtx ROW62 1
 1TOrxn0TO0vtx COST 0
 1TOrxn0TO0vtx ROW23 -1
 1TOrxn0TO0vtx ROW37 1
 1TOrxn0TO1vtx COST 0
 1TOrxn0TO1vtx ROW23 -1
 1TOrxn0TO1vtx ROW39 1
 1TOrxn1TO0vtx COST 0
 1TOrxn1TO0vtx ROW25 -1
 1TOrxn1TO0vtx ROW45 1
 1TOrxn1TO1vtx COST 0
 1TOrxn1TO1vtx ROW25 -1
 1TOrxn1TO1vtx ROW47 1
 1TOrxn2TO0vtx COST 0
 1TOrxn2TO0vtx ROW27 -1
 1TOrxn2TO0vtx ROW49 1
 1TOrxn2TO1vtx COST 0
 1TOrxn2TO1vtx ROW27 -1
 1TOrxn2TO1vtx ROW51 1
 1TOrxn3TO0vtx COST 0
 1TOrxn3TO0vtx ROW23 -1
 1TOrxn3TO0vtx ROW41 1
 1TOrxn3TO1vtx COST 0
 1TOrxn3TO1vtx ROW23 -1
 1TOrxn3TO1vtx ROW43 1
 1TOrxn4TO0vtx COST 0
 1TOrxn4TO0vtx ROW31 -1
 1TOrxn4TO0vtx ROW53 1
 1TOrxn4TO1vtx COST 0
 1TOrxn4TO1vtx ROW31 -1
 1TOrxn4TO1vtx ROW55 1
 1TOrxn5TO0vtx COST 0
 1TOrxn5TO0vtx ROW33 -1
 1TOrxn5TO0vtx ROW57 1
 1TOrxn5TO1vtx COST 0
 1TOrxn5TO1vtx ROW33 -1
 1TOrxn5TO1vtx ROW59 1
 1TOrxn6TO0vtx COST 0
 1TOrxn6TO0vtx ROW35 -1
 1TOrxn6TO0vtx ROW61 1
 1TOrxn6TO1vtx COST 0
 1TOrxn6TO1vtx ROW35 -1
 1TOrxn6TO1vtx ROW63 1
 rxn0 COST 0
 rxn0 ROW1 -1
 rxn0 ROW2 100
 rxn0 ROW3 100
 rxn0TO0 COST 0
 rxn0TO0 ROW2 -1
 rxn0TO0 ROW24 1
 rxn0TO0 ROW36 -1
 rxn0TO0 ROW37 -1
 rxn0TO1 COST 0
 rxn0TO1 ROW3 -1
 rxn0TO1 ROW25 1
 rxn0TO1 ROW38 -1
 rxn0TO1 ROW39 -1
 rxn1 COST 0
 rxn1 ROW7 -1
 rxn1 ROW8 100
 rxn1 ROW9 100
 rxn1TO0 COST 0
 rxn1TO0 ROW8 -1
 rxn1TO0 ROW26 1
 rxn1TO0 ROW44 -1
 rxn1TO0 ROW45 -1
 rxn1TO1 COST 0
 rxn1TO1 ROW9 -1
 rxn1TO1 ROW27 1
 rxn1TO1 ROW46 -1
 rxn1TO1 ROW47 -1
 rxn2 COST 0
 rxn2 ROW10 -1
 rxn2 ROW11 100
 rxn2 ROW12 100
 rxn2TO0 COST 0
 rxn2TO0 ROW11 -1
 rxn2TO0 ROW28 1
 rxn2TO0 ROW48 -1
 rxn2TO0 ROW49 -1
 rxn2TO1 COST 0
 rxn2TO1 ROW12 -1
 rxn2TO1 ROW29 1
 rxn2TO1 ROW50 -1
 rxn2TO1 ROW51 -1
 rxn3 COST 0
 rxn3 ROW4 -1
 rxn3 ROW5 100
 rxn3 ROW6 100
 rxn3TO0 COST 0
 rxn3TO0 ROW5 -1
 rxn3TO0 ROW30 1
 rxn3TO0 ROW40 -1
 rxn3TO0 ROW41 -1
 rxn3TO1 COST 0
 rxn3TO1 ROW6 -1
 rxn3TO1 ROW31 1
 rxn3TO1 ROW42 -1
 rxn3TO1 ROW43 -1
 rxn4 COST 0
 rxn4 ROW13 -1
 rxn4 ROW14 100
 rxn4 ROW15 100
 rxn4TO0 COST 0
 rxn4TO0 ROW14 -1
 rxn4TO0 ROW32 1
 rxn4TO0 ROW52 -1
 rxn4TO0 ROW53 -1
 rxn4TO1 COST 0
 rxn4TO1 ROW15 -1
 rxn4TO1 ROW33 1
 rxn4TO1 ROW54 -1
 rxn4TO1 ROW55 -1
 rxn5 COST 0
 rxn5 ROW16 -1
 rxn5 ROW17 100
 rxn5 ROW18 100
 rxn5TO0 COST 0
 rxn5TO0 ROW17 -1
 rxn5TO0 ROW34 1
 rxn5TO0 ROW56 -1
 rxn5TO0 ROW57 -1
 rxn5TO1 COST 0
 rxn5TO1 ROW18 -1
 rxn5TO1 ROW35 1
 rxn5TO1 ROW58 -1
 rxn5TO1 ROW59 -1
 rxn6 COST 0
 rxn6 ROW19 -1
 rxn6 ROW20 100
 rxn6 ROW21 100
 rxn6TO0 COST 0
 rxn6TO0 ROW20 -1
 rxn6TO0 ROW28 1
 rxn6TO0 ROW60 -1
 rxn6TO0 ROW61 -1
 rxn6TO1 COST 0
 rxn6TO1 ROW21 -1
 rxn6TO1 ROW29 1
 rxn6TO1 ROW62 -1
 rxn6TO1 ROW63 -1
 s/speciesA COST 1
 s/speciesA ROW1 1
 s/speciesB COST 1
 s/speciesB ROW7 1
 s/speciesC COST 1
 s/speciesC ROW10 1
 s/speciesD COST 1
 s/speciesD ROW4 1
 s/speciesD ROW13 1
 s/speciesE COST 1
 s/speciesE ROW16 1
 s/speciesE ROW19 1
RHS
 RHS1 ROW1 0
 RHS1 ROW2 0
 RHS1 ROW3 0
 RHS1 ROW4 0
 RHS1 ROW5 0
 RHS1 ROW6 0
 RHS1 ROW7 0
 RHS1 ROW8 0
 RHS1 ROW9 0
 RHS1 ROW10 0
 RHS1 ROW11 0
 RHS1 ROW12 0
 RHS1 ROW13 0
 RHS1 ROW14 0
 RHS1 ROW15 0
 RHS1 ROW16 0
 RHS1 ROW17 0
 RHS1 ROW18 0
 RHS1 ROW19 0
 RHS1 ROW20 0
 RHS1 ROW21 0
 RHS1 ROW22 0
 RHS1 ROW23 0
 RHS1 ROW24 0
 RHS1 ROW25 0
 RHS1 ROW26 0
 RHS1 ROW27 0
 RHS1 ROW28 1
 RHS1 ROW29 1
 RHS1 ROW30 0
 RHS1 ROW31 0
 RHS1 ROW32 0
 RHS1 ROW33 0
 RHS1 ROW34 0
 RHS1 ROW35 0
 RHS1 ROW36 0
 RHS1 ROW37 0
 RHS1 ROW38 0
 RHS1 ROW39 0
 RHS1 ROW40 0
 RHS1 ROW41 0
 RHS1 ROW42 0
 RHS1 ROW43 0
 RHS1 ROW44 0
 RHS1 ROW45 0
 RHS1 ROW46 0
 RHS1 ROW47 0
 RHS1 ROW48 0
 RHS1 ROW49 0
 RHS1 ROW50 0
 RHS1 ROW51 0
 RHS1 ROW52 0
 RHS1 ROW53 0
 RHS1 ROW54 0
 RHS1 ROW55 0
 RHS1 ROW56 0
 RHS1 ROW57 0
 RHS1 ROW58 0
 RHS1 ROW59 0
 RHS1 ROW60 0
 RHS1 ROW61 0
 RHS1 ROW62 0
 RHS1 ROW63 0
BOUNDS
 LI BOUND 0TOrxn0TO0vtx 0
 UI BOUND 0TOrxn0TO0vtx 100
 LI BOUND 0TOrxn0TO1vtx 0
 UI BOUND 0TOrxn0TO1vtx 100
 LI BOUND 0TOrxn1TO0vtx 0
 UI BOUND 0TOrxn1TO0vtx 100
 LI BOUND 0TOrxn1TO1vtx 0
 UI BOUND 0TOrxn1TO1vtx 100
 LI BOUND 0TOrxn2TO0vtx 0
 UI BOUND 0TOrxn2TO0vtx 100
 LI BOUND 0TOrxn2TO1vtx 0
 UI BOUND 0TOrxn2TO1vtx 100
 LI BOUND 0TOrxn3TO0vtx 0
 UI BOUND 0TOrxn3TO0vtx 100
 LI BOUND 0TOrxn3TO1vtx 0
 UI BOUND 0TOrxn3TO1vtx 100
 LI BOUND 0TOrxn4TO0vtx 0
 UI BOUND 0TOrxn4TO0vtx 100
 LI BOUND 0TOrxn4TO1vtx 0
 UI BOUND 0TOrxn4TO1vtx 100
 LI BOUND 0TOrxn5TO0vtx 0
 UI BOUND 0TOrxn5TO0vtx 100
 LI BOUND 0TOrxn5TO1vtx 0
 UI BOUND 0TOrxn5TO1vtx 100
 LI BOUND 0TOrxn6TO0vtx 0
 UI BOUND 0TOrxn6TO0vtx 100
 LI BOUND 0TOrxn6TO1vtx 0
 UI BOUND 0TOrxn6TO1vtx 100
 LI BOUND 1TOrxn0TO0vtx 0
 UI BOUND 1TOrxn0TO0vtx 100
 LI BOUND 1TOrxn0TO1vtx 0
 UI BOUND 1TOrxn0TO1vtx 100
 LI BOUND 1TOrxn1TO0vtx 0
 UI BOUND 1TOrxn1TO0vtx 100
 LI BOUND 1TOrxn1TO1vtx 0
 UI BOUND 1TOrxn1TO1vtx 100
 LI BOUND 1TOrxn2TO0vtx 0
 UI BOUND 1TOrxn2TO0vtx 100
 LI BOUND 1TOrxn2TO1vtx 0
 UI BOUND 1TOrxn2TO1vtx 100
 LI BOUND 1TOrxn3TO0vtx 0
 UI BOUND 1TOrxn3TO0vtx 100
 LI BOUND 1TOrxn3TO1vtx 0
 UI BOUND 1TOrxn3TO1vtx 100
 LI BOUND 1TOrxn4TO0vtx 0
 UI BOUND 1TOrxn4TO0vtx 100
 LI BOUND 1TOrxn4TO1vtx 0
 UI BOUND 1TOrxn4TO1vtx 100
 LI BOUND 1TOrxn5TO0vtx 0
 UI BOUND 1TOrxn5TO0vtx 100
 LI BOUND 1TOrxn5TO1vtx 0
 UI BOUND 1TOrxn5TO1vtx 100
 LI BOUND 1TOrxn6TO0vtx 0
 UI BOUND 1TOrxn6TO0vtx 100
 LI BOUND 1TOrxn6TO1vtx 0
 UI BOUND 1TOrxn6TO1vtx 100
 BV BOUND rxn0 1
 LI BOUND rxn0TO0 0
 UI BOUND rxn0TO0 100
 LI BOUND rxn0TO1 0
 UI BOUND rxn0TO1 100
 BV BOUND rxn1 1
 LI BOUND rxn1TO0 0
 UI BOUND rxn1TO0 100
 LI BOUND rxn1TO1 0
 UI BOUND rxn1TO1 100
 BV BOUND rxn2 1
 LI BOUND rxn2TO0 0
 UI BOUND rxn2TO0 100
 LI BOUND rxn2TO1 0
 UI BOUND rxn2TO1 100
 BV BOUND rxn3 1
 LI BOUND rxn3TO0 0
 UI BOUND rxn3TO0 100
 LI BOUND rxn3TO1 0
 UI BOUND rxn3TO1 100
 BV BOUND rxn4 1
 LI BOUND rxn4TO0 0
 UI BOUND rxn4TO0 100
 LI BOUND rxn4TO1 0
 UI BOUND rxn4TO1 100
 BV BOUND rxn5 1
 LI BOUND rxn5TO0 0
 UI BOUND rxn5TO0 100
 LI BOUND rxn5TO1 0
 UI BOUND rxn5TO1 100
 BV BOUND rxn6 1
 LI BOUND rxn6TO0 0
 UI BOUND rxn6TO0 100
 LI BOUND rxn6TO1 0
 UI BOUND rxn6TO1 100
 BV BOUND s/speciesA 1
 BV BOUND s/speciesB 1
 BV BOUND s/speciesC 1
 BV BOUND s/speciesD 1
 BV BOUND s/speciesE 1
ENDATA
