NAME          Community Design
ROWS
 N  COST
 G ROW1
 G ROW2
 G ROW3
 G ROW4
 L ROW5
 L ROW6
 G ROW7
 L ROW8
 G ROW9
 E ROW10
 E ROW11
 E ROW12
 E ROW13
COLUMNS
 0TOrxn0TO0vtx COST 0
 0TOrxn0TO0vtx ROW5 -1
 0TOrxn0TO0vtx ROW10 1
 0TOrxn1TO0vtx COST 0
 0TOrxn1TO0vtx ROW5 -1
 0TOrxn1TO0vtx ROW12 1
 1TOrxn0TO0vtx COST 0
 1TOrxn0TO0vtx ROW6 -1
 1TOrxn0TO0vtx ROW11 1
 1TOrxn1TO0vtx COST 0
 1TOrxn1TO0vtx ROW8 -1
 1TOrxn1TO0vtx ROW13 1
 rxn0 COST 0
 rxn0 ROW1 -1
 rxn0 ROW2 100
 rxn0TO0 COST 0
 rxn0TO0 ROW2 -1
 rxn0TO0 ROW7 1
 rxn0TO0 ROW10 -1
 rxn0TO0 ROW11 -1
 rxn1 COST 0
 rxn1 ROW3 -1
 rxn1 ROW4 100
 rxn1TO0 COST 0
 rxn1TO0 ROW4 -1
 rxn1TO0 ROW9 1
 rxn1TO0 ROW12 -1
 rxn1TO0 ROW13 -1
 s/speciesA COST 1
 s/speciesA ROW1 1
 s/speciesA ROW3 1
RHS
 RHS1 ROW1 0
 RHS1 ROW2 0
 RHS1 ROW3 0
 RHS1 ROW4 0
 RHS1 ROW5 0
 RHS1 ROW6 0
 RHS1 ROW7 1
 RHS1 ROW8 0
 RHS1 ROW9 1
 RHS1 ROW10 0
 RHS1 ROW11 0
 RHS1 ROW12 0
 RHS1 ROW13 0
BOUNDS
 LI BOUND 0TOrxn0TO0vtx 0
 UI BOUND 0TOrxn0TO0vtx 100
 LI BOUND 0TOrxn1TO0vtx 0
 UI BOUND 0TOrxn1TO0vtx 100
 LI BOUND 1TOrxn0TO0vtx 0
 UI BOUND 1TOrxn0TO0vtx 100
 LI BOUND 1TOrxn1TO0vtx 0
 UI BOUND 1TOrxn1TO0vtx 100
 BV BOUND rxn0 1
 LI BOUND rxn0TO0 0
 UI BOUND rxn0TO0 100
 BV BOUND rxn1 1
 LI BOUND rxn1TO0 0
 UI BOUND rxn1TO0 100
 BV BOUND s/speciesA 1
ENDATA
