NAME          Community Design
ROWS
 N  COST
 G ROW1
 G ROW2
 G ROW3
 L ROW4
 L ROW5
 G ROW6
 G ROW7
 E ROW8
 G ROW9
 G ROW10
COLUMNS
 0TOrxn0 COST 0
 0TOrxn0 ROW4 -1
 0TOrxn0 ROW8 1
 0TOrxn0 ROW9 1
 1TOrxn0 COST 0
 1TOrxn0 ROW5 -1
 1TOrxn0 ROW8 1
 1TOrxn0 ROW10 1
 rxn0 COST 0
 rxn0 ROW1 -1
 rxn0 ROW2 10005
 rxn0 ROW3 10005
 rxn0 ROW9 -1
 rxn0 ROW10 -1
 rxn0TO0 COST 0
 rxn0TO0 ROW2 -1
 rxn0TO0 ROW6 1
 rxn0TO0 ROW8 -1
 rxn0TO1 COST 0
 rxn0TO1 ROW3 -1
 rxn0TO1 ROW7 1
 rxn0TO1 ROW8 -1
 s/speciesA COST 1
 s/speciesA ROW1 1
RHS
 RHS1 ROW1 0
 RHS1 ROW2 0
 RHS1 ROW3 0
 RHS1 ROW4 0
 RHS1 ROW5 0
 RHS1 ROW6 1
 RHS1 ROW7 1
 RHS1 ROW8 0
 RHS1 ROW9 0
 RHS1 ROW10 0
BOUNDS
 LI BOUND 0TOrxn0 0
 LI BOUND 1TOrxn0 0
 BV BOUND rxn0 1
 LI BOUND rxn0TO0 0
 LI BOUND rxn0TO1 0
 BV BOUND s/speciesA 1
ENDATA
