NAME          Community Design
ROWS
 N  COST
 G ROW1
 G ROW2
 G ROW3
 G ROW4
 G ROW5
 G ROW6
 G ROW7
 G ROW8
 G ROW9
 G ROW10
 G ROW11
 G ROW12
 G ROW13
 G ROW14
 L ROW15
 E ROW16
 G ROW17
 E ROW18
 E ROW19
 E ROW20
 E ROW21
 G ROW22
 E ROW23
 G ROW24
 E ROW25
 G ROW26
 E ROW27
 G ROW28
 E ROW29
 G ROW30
 E ROW31
 G ROW32
 E ROW33
 G ROW34
COLUMNS
 0TOrxn0 COST 0
 0TOrxn0 ROW15 -1
 0TOrxn0 ROW21 1
 0TOrxn0 ROW22 1
 0TOrxn1 COST 0
 0TOrxn1 ROW15 -1
 0TOrxn1 ROW23 1
 0TOrxn1 ROW24 1
 0TOrxn2 COST 0
 0TOrxn2 ROW15 -1
 0TOrxn2 ROW25 1
 0TOrxn2 ROW26 1
 0TOrxn3 COST 0
 0TOrxn3 ROW18 -1
 0TOrxn3 ROW33 1
 0TOrxn3 ROW34 1
 0TOrxn4 COST 0
 0TOrxn4 ROW16 -1
 0TOrxn4 ROW27 1
 0TOrxn4 ROW28 1
 0TOrxn5 COST 0
 0TOrxn5 ROW17 -1
 0TOrxn5 ROW29 1
 0TOrxn5 ROW30 1
 0TOrxn6 COST 0
 0TOrxn6 ROW17 -1
 0TOrxn6 ROW31 1
 0TOrxn6 ROW32 1
 rxn0 COST 0
 rxn0 ROW1 -1
 rxn0 ROW2 10005
 rxn0 ROW22 -1
 rxn0TO0 COST 0
 rxn0TO0 ROW2 -1
 rxn0TO0 ROW16 1
 rxn0TO0 ROW21 -1
 rxn1 COST 0
 rxn1 ROW3 -1
 rxn1 ROW4 10005
 rxn1 ROW24 -1
 rxn1TO0 COST 0
 rxn1TO0 ROW4 -1
 rxn1TO0 ROW17 1
 rxn1TO0 ROW23 -1
 rxn2 COST 0
 rxn2 ROW5 -1
 rxn2 ROW6 10005
 rxn2 ROW26 -1
 rxn2TO0 COST 0
 rxn2TO0 ROW6 -1
 rxn2TO0 ROW18 1
 rxn2TO0 ROW25 -1
 rxn3 COST 0
 rxn3 ROW13 -1
 rxn3 ROW14 10005
 rxn3 ROW34 -1
 rxn3TO0 COST 0
 rxn3TO0 ROW14 -1
 rxn3TO0 ROW20 1
 rxn3TO0 ROW33 -1
 rxn4 COST 0
 rxn4 ROW7 -1
 rxn4 ROW8 10005
 rxn4 ROW28 -1
 rxn4TO0 COST 0
 rxn4TO0 ROW8 -1
 rxn4TO0 ROW19 1
 rxn4TO0 ROW27 -1
 rxn5 COST 0
 rxn5 ROW9 -1
 rxn5 ROW10 10005
 rxn5 ROW30 -1
 rxn5TO0 COST 0
 rxn5TO0 ROW10 -1
 rxn5TO0 ROW19 1
 rxn5TO0 ROW29 -1
 rxn6 COST 0
 rxn6 ROW11 -1
 rxn6 ROW12 10005
 rxn6 ROW32 -1
 rxn6TO0 COST 0
 rxn6TO0 ROW12 -1
 rxn6TO0 ROW20 1
 rxn6TO0 ROW31 -1
 s/speciesA COST 1
 s/speciesA ROW1 1
 s/speciesB COST 1
 s/speciesB ROW3 1
 s/speciesC COST 1
 s/speciesC ROW5 1
 s/speciesC ROW13 1
 s/speciesD COST 1
 s/speciesD ROW7 1
 s/speciesE COST 1
 s/speciesE ROW9 1
 s/speciesE ROW11 1
RHS
 RHS1 ROW1 0
 RHS1 ROW2 0
 RHS1 ROW3 0
 RHS1 ROW4 0
 RHS1 ROW5 0
 RHS1 ROW6 0
 RHS1 ROW7 0
 RHS1 ROW8 0
 RHS1 ROW9 0
 RHS1 ROW10 0
 RHS1 ROW11 0
 RHS1 ROW12 0
 RHS1 ROW13 0
 RHS1 ROW14 0
 RHS1 ROW15 0
 RHS1 ROW16 0
 RHS1 ROW17 1
 RHS1 ROW18 0
 RHS1 ROW19 0
 RHS1 ROW20 0
 RHS1 ROW21 0
 RHS1 ROW22 0
 RHS1 ROW23 0
 RHS1 ROW24 0
 RHS1 ROW25 0
 RHS1 ROW26 0
 RHS1 ROW27 0
 RHS1 ROW28 0
 RHS1 ROW29 0
 RHS1 ROW30 0
 RHS1 ROW31 0
 RHS1 ROW32 0
 RHS1 ROW33 0
 RHS1 ROW34 0
BOUNDS
 LI BOUND 0TOrxn0 0
 LI BOUND 0TOrxn1 0
 LI BOUND 0TOrxn2 0
 LI BOUND 0TOrxn3 0
 LI BOUND 0TOrxn4 0
 LI BOUND 0TOrxn5 0
 LI BOUND 0TOrxn6 0
 BV BOUND rxn0 1
 LI BOUND rxn0TO0 0
 BV BOUND rxn1 1
 LI BOUND rxn1TO0 0
 BV BOUND rxn2 1
 LI BOUND rxn2TO0 0
 BV BOUND rxn3 1
 LI BOUND rxn3TO0 0
 BV BOUND rxn4 1
 LI BOUND rxn4TO0 0
 BV BOUND rxn5 1
 LI BOUND rxn5TO0 0
 BV BOUND rxn6 1
 LI BOUND rxn6TO0 0
 BV BOUND s/speciesA 1
 BV BOUND s/speciesB 1
 BV BOUND s/speciesC 1
 BV BOUND s/speciesD 1
 BV BOUND s/speciesE 1
ENDATA
