NAME          Community Design
ROWS
 N  COST
 G ROW1
 G ROW2
 G ROW3
 G ROW4
 L ROW5
 L ROW6
 E ROW7
 E ROW8
COLUMNS
 rxn0 COST 0
 rxn0 ROW2 -1
 rxn0 ROW5 -1
 rxn0 ROW7 1
 rxn0flag COST 0
 rxn0flag ROW1 -1
 rxn0flag ROW2 2
 rxn1 COST 0
 rxn1 ROW4 -1
 rxn1 ROW6 -1
 rxn1 ROW8 1
 rxn1flag COST 0
 rxn1flag ROW3 -1
 rxn1flag ROW4 2
 s/speciesA COST 1
 s/speciesA ROW1 1
 s/speciesA ROW3 1
RHS
 RHS1 ROW1 0
 RHS1 ROW2 0
 RHS1 ROW3 0
 RHS1 ROW4 0
 RHS1 ROW5 0
 RHS1 ROW6 0
 RHS1 ROW7 1
 RHS1 ROW8 1
BOUNDS
 LI BOUND rxn0 0
 UI BOUND rxn0 2
 BV BOUND rxn0flag 1
 LI BOUND rxn1 0
 UI BOUND rxn1 2
 BV BOUND rxn1flag 1
 BV BOUND s/speciesA 1
ENDATA
