NAME          Community Design
ROWS
 N  COST
 G ROW1
 G ROW2
 G ROW3
 G ROW4
 G ROW5
 G ROW6
 G ROW7
 G ROW8
 G ROW9
 G ROW10
 G ROW11
 G ROW12
 G ROW13
 G ROW14
 L ROW15
 E ROW16
 E ROW17
 G ROW18
 E ROW19
 E ROW20
 E ROW21
 E ROW22
 E ROW23
 E ROW24
 E ROW25
 E ROW26
 E ROW27
 E ROW28
COLUMNS
 0TOrxn0TO0vtx COST 0
 0TOrxn0TO0vtx ROW15 -1
 0TOrxn0TO0vtx ROW22 1
 0TOrxn1TO0vtx COST 0
 0TOrxn1TO0vtx ROW16 -1
 0TOrxn1TO0vtx ROW24 1
 0TOrxn2TO0vtx COST 0
 0TOrxn2TO0vtx ROW17 -1
 0TOrxn2TO0vtx ROW25 1
 0TOrxn3TO0vtx COST 0
 0TOrxn3TO0vtx ROW15 -1
 0TOrxn3TO0vtx ROW23 1
 0TOrxn4TO0vtx COST 0
 0TOrxn4TO0vtx ROW19 -1
 0TOrxn4TO0vtx ROW26 1
 0TOrxn5TO0vtx COST 0
 0TOrxn5TO0vtx ROW20 -1
 0TOrxn5TO0vtx ROW27 1
 0TOrxn6TO0vtx COST 0
 0TOrxn6TO0vtx ROW21 -1
 0TOrxn6TO0vtx ROW28 1
 rxn0 COST 0
 rxn0 ROW1 -1
 rxn0 ROW2 100
 rxn0TO0 COST 0
 rxn0TO0 ROW2 -1
 rxn0TO0 ROW16 1
 rxn0TO0 ROW22 -1
 rxn1 COST 0
 rxn1 ROW5 -1
 rxn1 ROW6 100
 rxn1TO0 COST 0
 rxn1TO0 ROW6 -1
 rxn1TO0 ROW17 1
 rxn1TO0 ROW24 -1
 rxn2 COST 0
 rxn2 ROW7 -1
 rxn2 ROW8 100
 rxn2TO0 COST 0
 rxn2TO0 ROW8 -1
 rxn2TO0 ROW18 1
 rxn2TO0 ROW25 -1
 rxn3 COST 0
 rxn3 ROW3 -1
 rxn3 ROW4 100
 rxn3TO0 COST 0
 rxn3TO0 ROW4 -1
 rxn3TO0 ROW19 1
 rxn3TO0 ROW23 -1
 rxn4 COST 0
 rxn4 ROW9 -1
 rxn4 ROW10 100
 rxn4TO0 COST 0
 rxn4TO0 ROW10 -1
 rxn4TO0 ROW20 1
 rxn4TO0 ROW26 -1
 rxn5 COST 0
 rxn5 ROW11 -1
 rxn5 ROW12 100
 rxn5TO0 COST 0
 rxn5TO0 ROW12 -1
 rxn5TO0 ROW21 1
 rxn5TO0 ROW27 -1
 rxn6 COST 0
 rxn6 ROW13 -1
 rxn6 ROW14 100
 rxn6TO0 COST 0
 rxn6TO0 ROW14 -1
 rxn6TO0 ROW18 1
 rxn6TO0 ROW28 -1
 s/speciesA COST 1
 s/speciesA ROW1 1
 s/speciesB COST 1
 s/speciesB ROW5 1
 s/speciesC COST 1
 s/speciesC ROW7 1
 s/speciesD COST 1
 s/speciesD ROW3 1
 s/speciesD ROW9 1
 s/speciesE COST 1
 s/speciesE ROW11 1
 s/speciesE ROW13 1
RHS
 RHS1 ROW1 0
 RHS1 ROW2 0
 RHS1 ROW3 0
 RHS1 ROW4 0
 RHS1 ROW5 0
 RHS1 ROW6 0
 RHS1 ROW7 0
 RHS1 ROW8 0
 RHS1 ROW9 0
 RHS1 ROW10 0
 RHS1 ROW11 0
 RHS1 ROW12 0
 RHS1 ROW13 0
 RHS1 ROW14 0
 RHS1 ROW15 0
 RHS1 ROW16 0
 RHS1 ROW17 0
 RHS1 ROW18 1
 RHS1 ROW19 0
 RHS1 ROW20 0
 RHS1 ROW21 0
 RHS1 ROW22 0
 RHS1 ROW23 0
 RHS1 ROW24 0
 RHS1 ROW25 0
 RHS1 ROW26 0
 RHS1 ROW27 0
 RHS1 ROW28 0
BOUNDS
 LI BOUND 0TOrxn0TO0vtx 0
 UI BOUND 0TOrxn0TO0vtx 100
 LI BOUND 0TOrxn1TO0vtx 0
 UI BOUND 0TOrxn1TO0vtx 100
 LI BOUND 0TOrxn2TO0vtx 0
 UI BOUND 0TOrxn2TO0vtx 100
 LI BOUND 0TOrxn3TO0vtx 0
 UI BOUND 0TOrxn3TO0vtx 100
 LI BOUND 0TOrxn4TO0vtx 0
 UI BOUND 0TOrxn4TO0vtx 100
 LI BOUND 0TOrxn5TO0vtx 0
 UI BOUND 0TOrxn5TO0vtx 100
 LI BOUND 0TOrxn6TO0vtx 0
 UI BOUND 0TOrxn6TO0vtx 100
 BV BOUND rxn0 1
 LI BOUND rxn0TO0 0
 UI BOUND rxn0TO0 100
 BV BOUND rxn1 1
 LI BOUND rxn1TO0 0
 UI BOUND rxn1TO0 100
 BV BOUND rxn2 1
 LI BOUND rxn2TO0 0
 UI BOUND rxn2TO0 100
 BV BOUND rxn3 1
 LI BOUND rxn3TO0 0
 UI BOUND rxn3TO0 100
 BV BOUND rxn4 1
 LI BOUND rxn4TO0 0
 UI BOUND rxn4TO0 100
 BV BOUND rxn5 1
 LI BOUND rxn5TO0 0
 UI BOUND rxn5TO0 100
 BV BOUND rxn6 1
 LI BOUND rxn6TO0 0
 UI BOUND rxn6TO0 100
 BV BOUND s/speciesA 1
 BV BOUND s/speciesB 1
 BV BOUND s/speciesC 1
 BV BOUND s/speciesD 1
 BV BOUND s/speciesE 1
ENDATA
