NAME          Community Design
ROWS
 N  COST
 G ROW1
 G ROW2
 G ROW3
 G ROW4
 L ROW5
 E ROW6
 G ROW7
 E ROW8
 E ROW9
COLUMNS
 0TOrxn0TO0vtx COST 0
 0TOrxn0TO0vtx ROW5 -1
 0TOrxn0TO0vtx ROW8 1
 0TOrxn1TO0vtx COST 0
 0TOrxn1TO0vtx ROW6 -1
 0TOrxn1TO0vtx ROW9 1
 rxn0 COST 0
 rxn0 ROW1 -1
 rxn0 ROW2 100
 rxn0TO0 COST 0
 rxn0TO0 ROW2 -1
 rxn0TO0 ROW6 1
 rxn0TO0 ROW8 -1
 rxn1 COST 0
 rxn1 ROW3 -1
 rxn1 ROW4 100
 rxn1TO0 COST 0
 rxn1TO0 ROW4 -1
 rxn1TO0 ROW7 1
 rxn1TO0 ROW9 -1
 s/speciesA COST 0.5
 s/speciesA ROW1 1
 s/speciesA ROW3 1
 s/speciesB COST 0.5
 s/speciesB ROW1 1
 s/speciesC COST 0.5
 s/speciesC ROW3 1
RHS
 RHS1 ROW1 0
 RHS1 ROW2 0
 RHS1 ROW3 0
 RHS1 ROW4 0
 RHS1 ROW5 0
 RHS1 ROW6 0
 RHS1 ROW7 1
 RHS1 ROW8 0
 RHS1 ROW9 0
BOUNDS
 LI BOUND 0TOrxn0TO0vtx 0
 UI BOUND 0TOrxn0TO0vtx 100
 LI BOUND 0TOrxn1TO0vtx 0
 UI BOUND 0TOrxn1TO0vtx 100
 BV BOUND rxn0 1
 LI BOUND rxn0TO0 0
 UI BOUND rxn0TO0 100
 BV BOUND rxn1 1
 LI BOUND rxn1TO0 0
 UI BOUND rxn1TO0 100
 BV BOUND s/speciesA 1
 BV BOUND s/speciesB 1
 BV BOUND s/speciesC 1
ENDATA
