NAME          Community Design
ROWS
 N  COST
 G ROW1
 G ROW2
 G ROW3
 G ROW4
 G ROW5
 G ROW6
 G ROW7
 G ROW8
 L ROW9
 L ROW10
 E ROW11
 G ROW12
 G ROW13
 E ROW14
 E ROW15
 E ROW16
 E ROW17
COLUMNS
 0TOrxn0TO0vtx COST 0
 0TOrxn0TO0vtx ROW9 -1
 0TOrxn0TO0vtx ROW14 1
 0TOrxn1TO0vtx COST 0
 0TOrxn1TO0vtx ROW10 -1
 0TOrxn1TO0vtx ROW15 1
 0TOrxn2TO0vtx COST 0
 0TOrxn2TO0vtx ROW11 -1
 0TOrxn2TO0vtx ROW16 1
 0TOrxn3TO0vtx COST 0
 0TOrxn3TO0vtx ROW11 -1
 0TOrxn3TO0vtx ROW17 1
 rxn0 COST 0
 rxn0 ROW1 -1
 rxn0 ROW2 100
 rxn0TO0 COST 0
 rxn0TO0 ROW2 -1
 rxn0TO0 ROW11 1
 rxn0TO0 ROW14 -1
 rxn1 COST 0
 rxn1 ROW3 -1
 rxn1 ROW4 100
 rxn1TO0 COST 0
 rxn1TO0 ROW4 -1
 rxn1TO0 ROW11 1
 rxn1TO0 ROW15 -1
 rxn2 COST 0
 rxn2 ROW5 -1
 rxn2 ROW6 100
 rxn2TO0 COST 0
 rxn2TO0 ROW6 -1
 rxn2TO0 ROW12 1
 rxn2TO0 ROW16 -1
 rxn3 COST 0
 rxn3 ROW7 -1
 rxn3 ROW8 100
 rxn3TO0 COST 0
 rxn3TO0 ROW8 -1
 rxn3TO0 ROW13 1
 rxn3TO0 ROW17 -1
 s/speciesA COST 1
 s/speciesA ROW1 1
 s/speciesA ROW3 1
 s/speciesA ROW5 1
 s/speciesA ROW7 1
RHS
 RHS1 ROW1 0
 RHS1 ROW2 0
 RHS1 ROW3 0
 RHS1 ROW4 0
 RHS1 ROW5 0
 RHS1 ROW6 0
 RHS1 ROW7 0
 RHS1 ROW8 0
 RHS1 ROW9 0
 RHS1 ROW10 0
 RHS1 ROW11 0
 RHS1 ROW12 1
 RHS1 ROW13 1
 RHS1 ROW14 0
 RHS1 ROW15 0
 RHS1 ROW16 0
 RHS1 ROW17 0
BOUNDS
 LI BOUND 0TOrxn0TO0vtx 0
 UI BOUND 0TOrxn0TO0vtx 100
 LI BOUND 0TOrxn1TO0vtx 0
 UI BOUND 0TOrxn1TO0vtx 100
 LI BOUND 0TOrxn2TO0vtx 0
 UI BOUND 0TOrxn2TO0vtx 100
 LI BOUND 0TOrxn3TO0vtx 0
 UI BOUND 0TOrxn3TO0vtx 100
 BV BOUND rxn0 1
 LI BOUND rxn0TO0 0
 UI BOUND rxn0TO0 100
 BV BOUND rxn1 1
 LI BOUND rxn1TO0 0
 UI BOUND rxn1TO0 100
 BV BOUND rxn2 1
 LI BOUND rxn2TO0 0
 UI BOUND rxn2TO0 100
 BV BOUND rxn3 1
 LI BOUND rxn3TO0 0
 UI BOUND rxn3TO0 100
 BV BOUND s/speciesA 1
ENDATA
