NAME          Community Design
ROWS
 N  COST
 G ROW1
 G ROW2
 G ROW3
 G ROW4
 G ROW5
 G ROW6
 G ROW7
 G ROW8
 L ROW9
 E ROW10
 G ROW11
 E ROW12
 E ROW13
 E ROW14
 E ROW15
 G ROW16
 G ROW17
 E ROW18
 G ROW19
 G ROW20
 E ROW21
 G ROW22
 G ROW23
 E ROW24
 G ROW25
 G ROW26
COLUMNS
 0TOrxn0 COST 0
 0TOrxn0 ROW9 -1
 0TOrxn0 ROW15 1
 0TOrxn0 ROW16 1
 0TOrxn1 COST 0
 0TOrxn1 ROW9 -1
 0TOrxn1 ROW18 1
 0TOrxn1 ROW19 1
 0TOrxn2 COST 0
 0TOrxn2 ROW11 -1
 0TOrxn2 ROW21 1
 0TOrxn2 ROW22 1
 0TOrxn3 COST 0
 0TOrxn3 ROW11 -1
 0TOrxn3 ROW24 1
 0TOrxn3 ROW25 1
 1TOrxn0 COST 0
 1TOrxn0 ROW10 -1
 1TOrxn0 ROW15 1
 1TOrxn0 ROW17 1
 1TOrxn1 COST 0
 1TOrxn1 ROW10 -1
 1TOrxn1 ROW18 1
 1TOrxn1 ROW20 1
 1TOrxn2 COST 0
 1TOrxn2 ROW12 -1
 1TOrxn2 ROW21 1
 1TOrxn2 ROW23 1
 1TOrxn3 COST 0
 1TOrxn3 ROW12 -1
 1TOrxn3 ROW24 1
 1TOrxn3 ROW26 1
 rxn0 COST 0
 rxn0 ROW1 -1
 rxn0 ROW2 10005
 rxn0 ROW16 -1
 rxn0 ROW17 -1
 rxn0TO0 COST 0
 rxn0TO0 ROW2 -1
 rxn0TO0 ROW11 1
 rxn0TO0 ROW15 -1
 rxn1 COST 0
 rxn1 ROW3 -1
 rxn1 ROW4 10005
 rxn1 ROW19 -1
 rxn1 ROW20 -1
 rxn1TO0 COST 0
 rxn1TO0 ROW4 -1
 rxn1TO0 ROW12 1
 rxn1TO0 ROW18 -1
 rxn2 COST 0
 rxn2 ROW5 -1
 rxn2 ROW6 10005
 rxn2 ROW22 -1
 rxn2 ROW23 -1
 rxn2TO0 COST 0
 rxn2TO0 ROW6 -1
 rxn2TO0 ROW13 1
 rxn2TO0 ROW21 -1
 rxn3 COST 0
 rxn3 ROW7 -1
 rxn3 ROW8 10005
 rxn3 ROW25 -1
 rxn3 ROW26 -1
 rxn3TO0 COST 0
 rxn3TO0 ROW8 -1
 rxn3TO0 ROW14 1
 rxn3TO0 ROW24 -1
 s/speciesA COST 1
 s/speciesA ROW1 1
 s/speciesA ROW3 1
 s/speciesA ROW5 1
 s/speciesA ROW7 1
RHS
 RHS1 ROW1 0
 RHS1 ROW2 0
 RHS1 ROW3 0
 RHS1 ROW4 0
 RHS1 ROW5 0
 RHS1 ROW6 0
 RHS1 ROW7 0
 RHS1 ROW8 0
 RHS1 ROW9 0
 RHS1 ROW10 0
 RHS1 ROW11 1
 RHS1 ROW12 0
 RHS1 ROW13 0
 RHS1 ROW14 0
 RHS1 ROW15 0
 RHS1 ROW16 0
 RHS1 ROW17 0
 RHS1 ROW18 0
 RHS1 ROW19 0
 RHS1 ROW20 0
 RHS1 ROW21 0
 RHS1 ROW22 0
 RHS1 ROW23 0
 RHS1 ROW24 0
 RHS1 ROW25 0
 RHS1 ROW26 0
BOUNDS
 LI BOUND 0TOrxn0 0
 LI BOUND 0TOrxn1 0
 LI BOUND 0TOrxn2 0
 LI BOUND 0TOrxn3 0
 LI BOUND 1TOrxn0 0
 LI BOUND 1TOrxn1 0
 LI BOUND 1TOrxn2 0
 LI BOUND 1TOrxn3 0
 BV BOUND rxn0 1
 LI BOUND rxn0TO0 0
 BV BOUND rxn1 1
 LI BOUND rxn1TO0 0
 BV BOUND rxn2 1
 LI BOUND rxn2TO0 0
 BV BOUND rxn3 1
 LI BOUND rxn3TO0 0
 BV BOUND s/speciesA 1
ENDATA
